HybridPIBLS & NonlinearPIBLS 验证测试
======================================================================
======================================================================
 实验 1: 标准 PIBLS  vs  HybridPIBLS  (线性 Poisson 方程)
======================================================================

--- 标准 PIBLS (单次伪逆, tanh) ---
  RMSE = 6.166053e-04

--- 标准 PIBLS (单次伪逆, 多激活集成) ---
  RMSE = 9.138696e-02

--- HybridPIBLS (伪逆 + 梯度下降, 多激活) ---
[HybridPIBLS] Iter    0: loss = 1.184581e-02
[HybridPIBLS] Iter    4: loss = 1.845301e-02
[HybridPIBLS] Iter    8: loss = 1.821411e-02
[HybridPIBLS] Iter   12: loss = 1.749321e-02
[HybridPIBLS] Iter   16: loss = 1.573038e-02
[HybridPIBLS] Iter   20: loss = 1.161101e-02
[HybridPIBLS] Iter   24: loss = 1.288965e-02
[HybridPIBLS] Iter   28: loss = 1.415982e-02
[HybridPIBLS] Iter   32: loss = 1.597921e-02
[HybridPIBLS] Iter   36: loss = 1.712381e-02
  RMSE = 2.593692e+00

  多激活 vs 单激活: -14721.0%  (6.1661e-04 → 9.1387e-02)
  HybridPIBLS vs 标准: -420540.6%  (6.1661e-04 → 2.5937e+00)
  图表已保存: test1_poisson_comparison.png
  图表已保存: test1_hybrid_convergence.png

======================================================================
 实验 2: NonlinearPIBLS (Newton-伪逆) 求解非线性方程
======================================================================

--- NonlinearPIBLS (解析 Jacobian, 多激活) ---
[NL-PIBLS] Newton iter   0: L_pde=1.0717e+02  L_bc=1.3944e-45  |δβ|=1.1414e+03
[NL-PIBLS] Newton iter   5: L_pde=3.4457e-03  L_bc=5.0975e-06  |δβ|=2.7079e+01
[NL-PIBLS] Newton iter  10: L_pde=3.4372e-03  L_bc=5.0993e-06  |δβ|=7.2614e-03
[NL-PIBLS] Newton iter  15: L_pde=3.4372e-03  L_bc=5.0993e-06  |δβ|=2.5554e-05
[NL-PIBLS] Newton iter  20: L_pde=3.4372e-03  L_bc=5.0993e-06  |δβ|=9.1811e-05
[NL-PIBLS] Newton iter  25: L_pde=3.4372e-03  L_bc=5.0993e-06  |δβ|=5.9083e-05
[NL-PIBLS] Newton iter  30: L_pde=3.4372e-03  L_bc=5.0993e-06  |δβ|=1.4890e-05
[NL-PIBLS] Newton iter  35: L_pde=3.4372e-03  L_bc=5.0993e-06  |δβ|=2.4584e-05
[NL-PIBLS] Newton iter  40: L_pde=3.4372e-03  L_bc=5.0993e-06  |δβ|=4.8221e-05
[NL-PIBLS] Newton iter  45: L_pde=3.4372e-03  L_bc=5.0993e-06  |δβ|=4.1906e-05
  RMSE = 1.504620e-02

--- NonlinearPIBLS (数值 Jacobian, 多激活) ---
[NL-PIBLS] Newton iter   0: L_pde=1.0717e+02  L_bc=1.3944e-45  |δβ|=1.1777e+03
[NL-PIBLS] Newton iter   5: L_pde=2.1541e+01  L_bc=1.7378e-06  |δβ|=1.1456e+07
[NL-PIBLS] Newton iter  10: L_pde=1.9201e+01  L_bc=1.9511e-06  |δβ|=1.0254e+07
[NL-PIBLS] Newton iter  15: L_pde=2.0163e+01  L_bc=1.9226e-06  |δβ|=1.0392e+07
[NL-PIBLS] Newton iter  20: L_pde=2.1599e+01  L_bc=1.8299e-06  |δβ|=1.1681e+07
[NL-PIBLS] Newton iter  25: L_pde=1.8344e+01  L_bc=2.1013e-06  |δβ|=1.0661e+07
[NL-PIBLS] Newton iter  30: L_pde=1.9432e+01  L_bc=1.9421e-06  |δβ|=1.0992e+07
[NL-PIBLS] Newton iter  35: L_pde=2.2342e+01  L_bc=1.6658e-06  |δβ|=1.1027e+07
[NL-PIBLS] Newton iter  40: L_pde=1.8818e+01  L_bc=1.8978e-06  |δβ|=1.1240e+07
[NL-PIBLS] Newton iter  45: L_pde=2.0643e+01  L_bc=1.7736e-06  |δβ|=1.0623e+07
  RMSE = 2.042713e-01
  图表已保存: test2_nonlinear.png
  图表已保存: test2_newton_convergence.png

======================================================================
 实验 3: NonlinearPIBLS 混合模式 (Newton-伪逆 + 特征学习)
======================================================================

--- 纯 Newton-伪逆 (多激活, 对照) ---
[NL-PIBLS] Newton iter   0: L_pde=9.9324e+01  L_bc=5.8844e-45  |δβ|=4.5240e+03
[NL-PIBLS] Newton iter   5: L_pde=3.5812e-03  L_bc=3.7711e-06  |δβ|=3.3672e+01
[NL-PIBLS] Newton iter  10: L_pde=3.5732e-03  L_bc=3.7721e-06  |δβ|=1.0708e-02
[NL-PIBLS] Newton iter  15: L_pde=3.5732e-03  L_bc=3.7721e-06  |δβ|=3.0274e-05
[NL-PIBLS] Newton iter  20: L_pde=3.5732e-03  L_bc=3.7721e-06  |δβ|=1.0837e-04
[NL-PIBLS] Newton iter  25: L_pde=3.5732e-03  L_bc=3.7721e-06  |δβ|=1.4026e-04
[NL-PIBLS] Newton iter  30: L_pde=3.5732e-03  L_bc=3.7721e-06  |δβ|=1.0420e-04
[NL-PIBLS] Newton iter  35: L_pde=3.5732e-03  L_bc=3.7721e-06  |δβ|=2.5629e-04
[NL-PIBLS] Newton iter  40: L_pde=3.5732e-03  L_bc=3.7721e-06  |δβ|=1.5934e-04
[NL-PIBLS] Newton iter  45: L_pde=3.5732e-03  L_bc=3.7721e-06  |δβ|=4.5123e-05
  RMSE = 1.591734e-02

--- Newton-伪逆 + 特征学习 (多激活, 混合) ---
[NL-PIBLS] Newton iter   0: L_pde=9.9324e+01  L_bc=5.8844e-45  |δβ|=4.5240e+03
[NL-PIBLS] Newton iter   2: L_pde=1.2823e-01  L_bc=3.6093e-06  |δβ|=3.9837e+03
[NL-PIBLS] Newton iter   4: L_pde=3.7694e-03  L_bc=3.7666e-06  |δβ|=1.6849e+02
[NL-PIBLS] Newton iter   6: L_pde=3.5736e-03  L_bc=3.7719e-06  |δβ|=6.7192e+00
[NL-PIBLS] Newton iter   8: L_pde=3.5732e-03  L_bc=3.7721e-06  |δβ|=2.6744e-01
[NL-PIBLS] Newton iter  10: L_pde=3.5732e-03  L_bc=3.7721e-06  |δβ|=1.0708e-02
[NL-PIBLS] Newton iter  12: L_pde=3.5732e-03  L_bc=3.7721e-06  |δβ|=5.6079e-04
[NL-PIBLS] Newton iter  14: L_pde=3.5732e-03  L_bc=3.7721e-06  |δβ|=5.3370e-05
[NL-PIBLS] Newton iter  16: L_pde=3.5732e-03  L_bc=3.7721e-06  |δβ|=3.5280e-06
[NL-PIBLS] Newton iter  18: L_pde=3.5732e-03  L_bc=3.7721e-06  |δβ|=1.2726e-05
[NL-Hybrid] Outer   0: loss = 3.648686e-03
[NL-PIBLS] Newton iter   0: L_pde=7.9170e+02  L_bc=8.1327e+00  |δβ|=7.6442e+04
[NL-PIBLS] Newton iter   2: L_pde=6.2539e+01  L_bc=1.3245e-02  |δβ|=2.0605e+04
[NL-PIBLS] Newton iter   4: L_pde=1.1213e-01  L_bc=2.5026e-05  |δβ|=6.3978e+02
[NL-PIBLS] Newton iter   6: L_pde=3.8324e-03  L_bc=3.7340e-06  |δβ|=2.5355e+01
[NL-PIBLS] Newton iter   8: L_pde=3.6593e-03  L_bc=3.6948e-06  |δβ|=1.0224e+00
[NL-PIBLS] Newton iter  10: L_pde=3.6591e-03  L_bc=3.6945e-06  |δβ|=4.1285e-02
[NL-PIBLS] Newton iter  12: L_pde=3.6591e-03  L_bc=3.6945e-06  |δβ|=1.7801e-03
[NL-PIBLS] Newton iter  14: L_pde=3.6591e-03  L_bc=3.6945e-06  |δβ|=1.2093e-04
[NL-PIBLS] Newton iter  16: L_pde=3.6591e-03  L_bc=3.6945e-06  |δβ|=1.3207e-04
[NL-PIBLS] Newton iter  18: L_pde=3.6591e-03  L_bc=3.6945e-06  |δβ|=9.8089e-05
[NL-Hybrid] Outer   1: loss = 3.732969e-03
[NL-PIBLS] Newton iter   0: L_pde=8.8919e+02  L_bc=7.9803e+00  |δβ|=4.2817e+05
[NL-PIBLS] Newton iter   2: L_pde=7.3413e+01  L_bc=1.3201e-02  |δβ|=1.0202e+05
[NL-PIBLS] Newton iter   4: L_pde=1.3013e-01  L_bc=2.4809e-05  |δβ|=7.4524e+03
[NL-PIBLS] Newton iter   6: L_pde=3.6941e-03  L_bc=3.8248e-06  |δβ|=3.0005e+02
[NL-PIBLS] Newton iter   8: L_pde=3.4906e-03  L_bc=3.7958e-06  |δβ|=1.1891e+01
[NL-PIBLS] Newton iter  10: L_pde=3.4902e-03  L_bc=3.7960e-06  |δβ|=4.7090e-01
[NL-PIBLS] Newton iter  12: L_pde=3.4902e-03  L_bc=3.7960e-06  |δβ|=1.8601e-02
[NL-PIBLS] Newton iter  14: L_pde=3.4902e-03  L_bc=3.7960e-06  |δβ|=7.6235e-04
[NL-PIBLS] Newton iter  16: L_pde=3.4902e-03  L_bc=3.7960e-06  |δβ|=1.4045e-04
[NL-PIBLS] Newton iter  18: L_pde=3.4902e-03  L_bc=3.7960e-06  |δβ|=8.0580e-05
[NL-Hybrid] Outer   2: loss = 3.566139e-03
[NL-PIBLS] Newton iter   0: L_pde=1.7013e+03  L_bc=1.1275e+01  |δβ|=8.4002e+05
[NL-PIBLS] Newton iter   2: L_pde=1.7415e+02  L_bc=2.0662e-02  |δβ|=2.1996e+05
[NL-PIBLS] Newton iter   4: L_pde=2.8304e-01  L_bc=3.5878e-05  |δβ|=9.3564e+03
[NL-PIBLS] Newton iter   6: L_pde=3.8765e-03  L_bc=3.5684e-06  |δβ|=3.7299e+02
[NL-PIBLS] Newton iter   8: L_pde=3.4263e-03  L_bc=3.5446e-06  |δβ|=1.4865e+01
[NL-PIBLS] Newton iter  10: L_pde=3.4254e-03  L_bc=3.5457e-06  |δβ|=5.9243e-01
[NL-PIBLS] Newton iter  12: L_pde=3.4254e-03  L_bc=3.5457e-06  |δβ|=2.3493e-02
[NL-PIBLS] Newton iter  14: L_pde=3.4254e-03  L_bc=3.5457e-06  |δβ|=1.0983e-03
[NL-PIBLS] Newton iter  16: L_pde=3.4254e-03  L_bc=3.5457e-06  |δβ|=4.1072e-05
[NL-PIBLS] Newton iter  18: L_pde=3.4254e-03  L_bc=3.5457e-06  |δβ|=5.8485e-05
[NL-Hybrid] Outer   3: loss = 3.496330e-03
[NL-PIBLS] Newton iter   0: L_pde=2.9399e+03  L_bc=1.0372e+01  |δβ|=4.6985e+05
[NL-PIBLS] Newton iter   2: L_pde=2.3942e+02  L_bc=1.7495e-02  |δβ|=8.3840e+04
[NL-PIBLS] Newton iter   4: L_pde=4.5154e-01  L_bc=3.0577e-05  |δβ|=3.2257e+03
[NL-PIBLS] Newton iter   6: L_pde=4.1932e-03  L_bc=3.8017e-06  |δβ|=1.2937e+02
[NL-PIBLS] Newton iter   8: L_pde=3.4652e-03  L_bc=3.8204e-06  |δβ|=5.1882e+00
[NL-PIBLS] Newton iter  10: L_pde=3.4637e-03  L_bc=3.8230e-06  |δβ|=2.0773e-01
[NL-PIBLS] Newton iter  12: L_pde=3.4637e-03  L_bc=3.8231e-06  |δβ|=8.2806e-03
[NL-PIBLS] Newton iter  14: L_pde=3.4637e-03  L_bc=3.8231e-06  |δβ|=3.3731e-04
[NL-PIBLS] Newton iter  16: L_pde=3.4637e-03  L_bc=3.8231e-06  |δβ|=1.1987e-05
[NL-PIBLS] Newton iter  18: L_pde=3.4637e-03  L_bc=3.8231e-06  |δβ|=3.2479e-05
[NL-Hybrid] Outer   4: loss = 3.540191e-03
[NL-PIBLS] Newton iter   0: L_pde=5.9054e+03  L_bc=1.4663e+01  |δβ|=1.2443e+06
[NL-PIBLS] Newton iter   2: L_pde=5.6420e+02  L_bc=3.2451e-02  |δβ|=1.7156e+04
[NL-PIBLS] Newton iter   4: L_pde=9.3783e-01  L_bc=5.4914e-05  |δβ|=2.9576e+03
[NL-PIBLS] Newton iter   6: L_pde=4.9871e-03  L_bc=3.8276e-06  |δβ|=1.0271e+02
[NL-PIBLS] Newton iter   8: L_pde=3.4945e-03  L_bc=3.7829e-06  |δβ|=4.4065e+00
[NL-PIBLS] Newton iter  10: L_pde=3.4919e-03  L_bc=3.7842e-06  |δβ|=1.8933e-01
[NL-PIBLS] Newton iter  12: L_pde=3.4919e-03  L_bc=3.7843e-06  |δβ|=7.9922e-03
[NL-PIBLS] Newton iter  14: L_pde=3.4919e-03  L_bc=3.7843e-06  |δβ|=3.8315e-04
[NL-PIBLS] Newton iter  16: L_pde=3.4919e-03  L_bc=3.7843e-06  |δβ|=5.5207e-05
[NL-PIBLS] Newton iter  18: L_pde=3.4919e-03  L_bc=3.7843e-06  |δβ|=4.6167e-05
[NL-Hybrid] Outer   5: loss = 3.567623e-03
[NL-PIBLS] Newton iter   0: L_pde=2.5958e+03  L_bc=9.0511e+00  |δβ|=8.7257e+05
[NL-PIBLS] Newton iter   2: L_pde=1.9178e+02  L_bc=1.5698e-02  |δβ|=1.6284e+05
[NL-PIBLS] Newton iter   4: L_pde=4.2244e-01  L_bc=2.8902e-05  |δβ|=1.4797e+04
[NL-PIBLS] Newton iter   6: L_pde=4.0821e-03  L_bc=3.9477e-06  |δβ|=5.9355e+02
[NL-PIBLS] Newton iter   8: L_pde=3.4000e-03  L_bc=3.9188e-06  |δβ|=2.3697e+01
[NL-PIBLS] Newton iter  10: L_pde=3.3989e-03  L_bc=3.9192e-06  |δβ|=9.4615e-01
[NL-PIBLS] Newton iter  12: L_pde=3.3988e-03  L_bc=3.9192e-06  |δβ|=3.7762e-02
[NL-PIBLS] Newton iter  14: L_pde=3.3988e-03  L_bc=3.9192e-06  |δβ|=1.5377e-03
[NL-PIBLS] Newton iter  16: L_pde=3.3988e-03  L_bc=3.9192e-06  |δβ|=3.3719e-05
[NL-PIBLS] Newton iter  18: L_pde=3.3988e-03  L_bc=3.9192e-06  |δβ|=8.3747e-05
[NL-Hybrid] Outer   6: loss = 3.477230e-03
[NL-PIBLS] Newton iter   0: L_pde=8.8410e+01  L_bc=2.9686e+00  |δβ|=1.1562e+04
[NL-PIBLS] Newton iter   2: L_pde=6.4184e+00  L_bc=4.7700e-03  |δβ|=5.1110e+03
[NL-PIBLS] Newton iter   4: L_pde=1.4762e-02  L_bc=1.1655e-05  |δβ|=1.9760e+02
[NL-PIBLS] Newton iter   6: L_pde=3.4635e-03  L_bc=3.9845e-06  |δβ|=7.5391e+00
[NL-PIBLS] Newton iter   8: L_pde=3.4456e-03  L_bc=3.9701e-06  |δβ|=2.8895e-01
[NL-PIBLS] Newton iter  10: L_pde=3.4456e-03  L_bc=3.9700e-06  |δβ|=1.1189e-02
[NL-PIBLS] Newton iter  12: L_pde=3.4456e-03  L_bc=3.9700e-06  |δβ|=5.7378e-04
[NL-PIBLS] Newton iter  14: L_pde=3.4456e-03  L_bc=3.9700e-06  |δβ|=6.5151e-05
[NL-PIBLS] Newton iter  16: L_pde=3.4456e-03  L_bc=3.9700e-06  |δβ|=7.9124e-07
[NL-PIBLS] Newton iter  18: L_pde=3.4456e-03  L_bc=3.9700e-06  |δβ|=6.6754e-05
[NL-Hybrid] Outer   7: loss = 3.524967e-03
[NL-PIBLS] Newton iter   0: L_pde=1.2159e+04  L_bc=1.7962e+01  |δβ|=2.6610e+06
[NL-PIBLS] Newton iter   2: L_pde=8.1738e+02  L_bc=3.3909e-02  |δβ|=3.5764e+05
[NL-PIBLS] Newton iter   4: L_pde=3.0748e+00  L_bc=5.9634e-05  |δβ|=1.2353e+04
[NL-PIBLS] Newton iter   6: L_pde=8.8607e-03  L_bc=4.2932e-06  |δβ|=2.8726e+02
[NL-PIBLS] Newton iter   8: L_pde=3.5728e-03  L_bc=4.1886e-06  |δβ|=1.1832e+01
[NL-PIBLS] Newton iter  10: L_pde=3.5644e-03  L_bc=4.1879e-06  |δβ|=5.0408e-01
[NL-PIBLS] Newton iter  12: L_pde=3.5644e-03  L_bc=4.1879e-06  |δβ|=2.1425e-02
[NL-PIBLS] Newton iter  14: L_pde=3.5644e-03  L_bc=4.1879e-06  |δβ|=8.5039e-04
[NL-PIBLS] Newton iter  16: L_pde=3.5644e-03  L_bc=4.1879e-06  |δβ|=1.1569e-05
[NL-PIBLS] Newton iter  18: L_pde=3.5644e-03  L_bc=4.1879e-06  |δβ|=4.2981e-06
[NL-Hybrid] Outer   8: loss = 3.648113e-03
[NL-PIBLS] Newton iter   0: L_pde=1.5056e+04  L_bc=1.7163e+01  |δβ|=3.2192e+06
[NL-PIBLS] Newton iter   2: L_pde=1.1294e+03  L_bc=3.8812e-02  |δβ|=1.9928e+05
[NL-PIBLS] Newton iter   4: L_pde=2.9602e+00  L_bc=7.3780e-05  |δβ|=2.2071e+04
[NL-PIBLS] Newton iter   6: L_pde=8.2976e-03  L_bc=4.3967e-06  |δβ|=8.1723e+02
[NL-PIBLS] Newton iter   8: L_pde=3.3804e-03  L_bc=4.1327e-06  |δβ|=3.1799e+01
[NL-PIBLS] Newton iter  10: L_pde=3.3734e-03  L_bc=4.1261e-06  |δβ|=1.2385e+00
[NL-PIBLS] Newton iter  12: L_pde=3.3734e-03  L_bc=4.1259e-06  |δβ|=4.8126e-02
[NL-PIBLS] Newton iter  14: L_pde=3.3734e-03  L_bc=4.1258e-06  |δβ|=1.7938e-03
[NL-PIBLS] Newton iter  16: L_pde=3.3734e-03  L_bc=4.1258e-06  |δβ|=8.2247e-05
[NL-PIBLS] Newton iter  18: L_pde=3.3734e-03  L_bc=4.1258e-06  |δβ|=3.2118e-05
[NL-Hybrid] Outer   9: loss = 3.455924e-03
  RMSE = 1.669841e-02

  Improvement: -4.9%  (纯 Newton 1.5917e-02 → 混合 1.6698e-02)
  图表已保存: test3_hybrid_nonlinear.png

======================================================================
 总结
======================================================================
  实验1 (Poisson, 单激活):  PIBLS RMSE = 6.1661e-04
  实验1 (Poisson, 多激活):  PIBLS RMSE = 9.1387e-02
  实验1 (Poisson, Hybrid):  HybridPIBLS RMSE = 2.5937e+00
  实验2 (非线性, 解析):     NL-PIBLS RMSE = 1.5046e-02
  实验2 (非线性, 数值):     NL-PIBLS RMSE = 2.0427e-01
  实验3 (非线性, 纯Newton): RMSE = 1.5917e-02
  实验3 (非线性, 混合):     RMSE = 1.6698e-02
